count
256
count
10
count
256
att,count,bytes,chunks,min_count,avg_count,max_count,min_bytes,avg_bytes,max_bytes
'all',10000000,170002720,40,1000000,1e+06,1000000,48,4.25007e+06,9000072
att,count,bytes,chunks,min_count,avg_count,max_count,min_bytes,avg_bytes,max_bytes
'a',10000000,80000720,10,1000000,1e+06,1000000,8000072,8.00007e+06,8000072
'b',10000000,90000720,10,1000000,1e+06,1000000,9000072,9.00007e+06,9000072
'c',10000000,800,10,1000000,1e+06,1000000,80,80,80
'EmptyTag',10000000,480,10,1000000,1e+06,1000000,48,48,48
